Microchip MPLAB XC8 Compiler V2.36

Linker command line:

-W-3 --edf=C:\Program Files\Microchip\xc8\v2.36\pic\dat\en_msgs.txt -cn \
  -h+dist/default/production\carrrrrr.X.production.sym \
  --cmf=dist/default/production\carrrrrr.X.production.cmf -z -Q16F877A \
  -oC:\Users\tramt\AppData\Local\Temp\xcAsc3s.4 --defsym=__MPLAB_BUILD=1 \
  -Mdist/default/production/carrrrrr.X.production.map \
  --md=C:\Users\tramt\AppData\Local\Temp\xcAsc3s.dat -E1 -ver=XC8 Compiler \
  --acfsm=1493 -ACODE=00h-07FFhx4 -ASTRCODE=00h-01FFFh -ASTRING=00h-0FFhx32 \
  -ACONST=00h-0FFhx32 -AENTRY=00h-0FFhx32 -ACOMMON=070h-07Fh \
  -ABANK0=020h-06Fh -ABANK1=0A0h-0EFh -ABANK2=0110h-016Fh \
  -ABANK3=0190h-01EFh -ARAM=020h-06Fh,0A0h-0EFh,0110h-016Fh,0190h-01EFh \
  -AABS1=020h-07Fh,0A0h-0EFh,0110h-016Fh,0190h-01EFh -ASFR0=00h-01Fh \
  -ASFR1=080h-09Fh -ASFR2=0100h-010Fh -ASFR3=0180h-018Fh \
  -ACONFIG=02007h-02007h -DCONFIG=2 -AIDLOC=02000h-02003h -DIDLOC=2 \
  -AEEDATA=00h-0FFh/02100h -peeprom_data=EEDATA -DEEDATA=2 -DCODE=2 \
  -DSTRCODE=2 -DSTRING=2 -DCONST=2 -DENTRY=2 \
  -preset_vec=00h,intentry,init,end_init -ppowerup=CODE -pcinit=CODE \
  -pfunctab=ENTRY -k C:\Users\tramt\AppData\Local\Temp\xcAsc3s.o \
  dist/default/production\carrrrrr.X.production.o 

Object code version is 3.11

Machine type is 16F877A



                Name                               Link     Load   Length Selector   Space Scale
C:\Users\tramt\AppData\Local\Temp\xcAsc3s.o
                end_init                              0        0        3        0       0
                config                             2007     2007        1        0       4
                idloc                              2000     2000        4        0       5
dist/default/production\carrrrrr.X.production.o
                cinit                               7F2      7F2        E      FE4       0
                config                             2007     2007        1        0       4
                idloc                              2000     2000        4        0       5
                text11                              47F      47F        C      8FE       0
                text10                              4B7      4B7       18      96E       0
                text9                               499      499        F      932       0
                text8                               4A8      4A8        F      950       0
                text7                               48B      48B        E      916       0
                text6                               549      549       44      A92       0
                text5                               4CF      4CF       21      99E       0
                text4                               4F0      4F0       21      9E0       0
                text3                               604      604       CD      C08       0
                text2                               58D      58D       77      B1A       0
                text1                               511      511       38      A22       0
                maintext                            6D1      6D1      121      DA2       0
                cstackCOMMON                         70       70        D       70       1
                clrtext                             477      477        8      8EE       0
                bssBANK0                             20       20       10       20       1
                bssCOMMON                            7D       7D        1       70       1

TOTAL           Name                               Link     Load   Length     Space
        CLASS   CODE           
                end_init                              0        0        3         0
                cinit                               7F2      7F2        E         0
                text11                              47F      47F        C         0
                text10                              4B7      4B7       18         0
                text9                               499      499        F         0
                text8                               4A8      4A8        F         0
                text7                               48B      48B        E         0
                text6                               549      549       44         0
                text5                               4CF      4CF       21         0
                text4                               4F0      4F0       21         0
                text3                               604      604       CD         0
                text2                               58D      58D       77         0
                text1                               511      511       38         0
                maintext                            6D1      6D1      121         0
                clrtext                             477      477        8         0

        CLASS   STRCODE        

        CLASS   STRING         

        CLASS   CONST          

        CLASS   ENTRY          

        CLASS   COMMON         
                cstackCOMMON                         70       70        D         1
                bssCOMMON                            7D       7D        1         1

        CLASS   BANK0          
                bssBANK0                             20       20       10         1

        CLASS   BANK1          

        CLASS   BANK2          

        CLASS   BANK3          

        CLASS   RAM            

        CLASS   ABS1           
                abs_s1                               7E       7E        2         1

        CLASS   SFR0           

        CLASS   SFR1           

        CLASS   SFR2           

        CLASS   SFR3           

        CLASS   CONFIG         
                config                             2007     2007        1         4

        CLASS   IDLOC          
                idloc                              2000     2000        4         5

        CLASS   EEDATA         

        CLASS   STACK          



SEGMENTS        Name                           Load    Length   Top    Selector   Space  Class     Delta

                reset_vec                      000000  000003  000003         0       0  CODE        2
                bssBANK0                       000020  000010  000030        20       1  BANK0       1
                cstackCOMMON                   000070  00000E  00007E        70       1  COMMON      1
                clrtext                        000477  000008  00047F       8EE       0  CODE        2
                text11                         00047F  00000C  00048B       8FE       0  CODE        2
                text7                          00048B  00000E  000499       916       0  CODE        2
                text9                          000499  00000F  0004A8       932       0  CODE        2
                text8                          0004A8  00000F  0004B7       950       0  CODE        2
                text10                         0004B7  000018  0004CF       96E       0  CODE        2
                text5                          0004CF  000021  0004F0       99E       0  CODE        2
                text4                          0004F0  000021  000511       9E0       0  CODE        2
                text1                          000511  000038  000549       A22       0  CODE        2
                text6                          000549  000044  00058D       A92       0  CODE        2
                text2                          00058D  000077  000604       B1A       0  CODE        2
                text3                          000604  0000CD  0006D1       C08       0  CODE        2
                maintext                       0006D1  000121  0007F2       DA2       0  CODE        2
                cinit                          0007F2  00000E  000800       FE4       0  CODE        2


UNUSED ADDRESS RANGES

        Name                Unused          Largest block    Delta
        BANK0            0030-006F             40           1
        BANK1            00A0-00EF             50           1
        BANK2            0110-016F             60           1
        BANK3            0190-01EF             60           1
        CODE             0003-0476            474           2
                         0800-1FFF            800
        CONST            0003-0476            100           2
                         0800-1FFF            100
        EEDATA           2100-21FF            100           2
        ENTRY            0003-0476            100           2
                         0800-1FFF            100
        RAM              0030-006F             40           1
                         00A0-00EF             50
                         0110-016F             60
                         0190-01EF             60
        SFR0             0000-001F             20           1
        SFR1             0080-009F             20           1
        SFR2             0100-010F             10           1
        SFR3             0180-018F             10           1
        STRCODE          0003-0476            474           2
                         0800-1FFF           1800
        STRING           0003-0476            100           2
                         0800-1FFF            100

                                  Symbol Table

?___lwdiv                cstackCOMMON 0070
?_get_val                cstackCOMMON 0070
PWM1_Set_Duty@DC         cstackCOMMON 0070
PWM2_Set_Duty@DC         cstackCOMMON 0070
_BRGH                    (abs)        04C2
_CCP1M2                  (abs)        00BA
_CCP1M3                  (abs)        00BB
_CCP1X                   (abs)        00BD
_CCP1Y                   (abs)        00BC
_CCP2M2                  (abs)        00EA
_CCP2M3                  (abs)        00EB
_CCP2X                   (abs)        00ED
_CCP2Y                   (abs)        00EC
_CCPR1L                  (abs)        0015
_CCPR2L                  (abs)        001B
_CREN                    (abs)        00C4
_Config                  text11       047F
_Initialize_UART         text10       04B7
_OERR                    (abs)        00C1
_PORTBbits               (abs)        0006
_PORTCbits               (abs)        0007
_PORTD                   (abs)        0008
_PORTDbits               (abs)        0008
_PR2                     (abs)        0092
_PWM1_Init               text9        0499
_PWM1_Set_Duty           text5        04CF
_PWM2_Init               text8        04A8
_PWM2_Set_Duty           text4        04F0
_RA3                     (abs)        002B
_RA4                     (abs)        002C
_RA5                     (abs)        002D
_RC3                     (abs)        003B
_RCIF                    (abs)        0065
_RCREG                   (abs)        001A
_RX9                     (abs)        00C6
_SPBRG                   (abs)        0099
_SPEN                    (abs)        00C7
_SYNC                    (abs)        04C4
_T1CONbits               (abs)        0010
_T2CKPS0                 (abs)        0090
_T2CKPS1                 (abs)        0091
_TMR1H                   (abs)        000F
_TMR1L                   (abs)        000E
_TMR1ON                  (abs)        0080
_TMR2ON                  (abs)        0092
_TRISA                   (abs)        0085
_TRISB                   (abs)        0086
_TRISC                   (abs)        0087
_TRISC1                  (abs)        0439
_TRISC2                  (abs)        043A
_TRISC6                  (abs)        043E
_TRISC7                  (abs)        043F
_TRISD                   (abs)        0088
_TX9                     (abs)        04C6
_TXEN                    (abs)        04C5
_TXIF                    (abs)        0064
_TXREG                   (abs)        0019
_UART_get_char           text7        048B
__Habs1                  abs1         0000
__Hbank0                 bank0        0000
__Hbank1                 bank1        0000
__Hbank2                 bank2        0000
__Hbank3                 bank3        0000
__HbssBANK0              bssBANK0     0000
__HbssCOMMON             bssCOMMON    0000
__Hcinit                 cinit        0800
__Hclrtext               clrtext      0000
__Hcode                  code         0000
__Hcommon                common       0000
__Hconfig                config       2008
__HcstackCOMMON          cstackCOMMON 0000
__Heeprom_data           eeprom_data  0000
__Hend_init              end_init     0003
__Hfunctab               functab      0000
__Hidloc                 idloc        2004
__Hinit                  init         0000
__Hintentry              intentry     0000
__Hmaintext              maintext     0000
__Hpowerup               powerup      0000
__Hram                   ram          0000
__Hreset_vec             reset_vec    0000
__Hsfr0                  sfr0         0000
__Hsfr1                  sfr1         0000
__Hsfr2                  sfr2         0000
__Hsfr3                  sfr3         0000
__Hspace_0               (abs)        0800
__Hspace_1               (abs)        007E
__Hspace_2               (abs)        0000
__Hspace_3               (abs)        0000
__Hspace_4               (abs)        400F
__Hstack                 stack        0000
__Hstrings               strings      0000
__Htext                  text         0000
__Labs1                  abs1         0000
__Lbank0                 bank0        0000
__Lbank1                 bank1        0000
__Lbank2                 bank2        0000
__Lbank3                 bank3        0000
__LbssBANK0              bssBANK0     0000
__LbssCOMMON             bssCOMMON    0000
__Lcinit                 cinit        07F2
__Lclrtext               clrtext      0000
__Lcode                  code         0000
__Lcommon                common       0000
__Lconfig                config       0000
__LcstackCOMMON          cstackCOMMON 0000
__Leeprom_data           eeprom_data  0000
__Lend_init              end_init     0000
__Lfunctab               functab      0000
__Lidloc                 idloc        0000
__Linit                  init         0000
__Lintentry              intentry     0000
__Lmaintext              maintext     0000
__Lpowerup               powerup      0000
__Lram                   ram          0000
__Lreset_vec             reset_vec    0000
__Lsfr0                  sfr0         0000
__Lsfr1                  sfr1         0000
__Lsfr2                  sfr2         0000
__Lsfr3                  sfr3         0000
__Lspace_0               (abs)        0000
__Lspace_1               (abs)        0000
__Lspace_2               (abs)        0000
__Lspace_3               (abs)        0000
__Lspace_4               (abs)        0000
__Lstack                 stack        0000
__Lstrings               strings      0000
__Ltext                  text         0000
__S0                     (abs)        0800
__S1                     (abs)        007E
__S3                     (abs)        0000
___int_sp                stack        0000
___latbits               (abs)        0002
___lwdiv                 text6        0549
___lwdiv@counter         cstackCOMMON 0077
___lwdiv@dividend        cstackCOMMON 0072
___lwdiv@divisor         cstackCOMMON 0070
___lwdiv@quotient        cstackCOMMON 0075
___sp                    stack        0000
___stackhi               (abs)        0000
___stacklo               (abs)        0000
__end_of_Config          text11       048B
__end_of_Initialize_UART text10       04CF
__end_of_PWM1_Init       text9        04A8
__end_of_PWM1_Set_Duty   text5        04F0
__end_of_PWM2_Init       text8        04B7
__end_of_PWM2_Set_Duty   text4        0511
__end_of_UART_get_char   text7        0499
__end_of___lwdiv         text6        058D
__end_of__initialization cinit        07FC
__end_of_car             text3        06D1
__end_of_control_car     text2        0604
__end_of_get_val         text1        0549
__end_of_main            maintext     07F2
__initialization         cinit        07F2
__pbssBANK0              bssBANK0     0020
__pbssCOMMON             bssCOMMON    007D
__pcstackCOMMON          cstackCOMMON 0070
__pmaintext              maintext     06D1
__ptext1                 text1        0511
__ptext10                text10       04B7
__ptext11                text11       047F
__ptext2                 text2        058D
__ptext3                 text3        0604
__ptext4                 text4        04F0
__ptext5                 text5        04CF
__ptext6                 text6        0549
__ptext7                 text7        048B
__ptext8                 text8        04A8
__ptext9                 text9        0499
_car                     text3        0604
_control_car             text2        058D
_flag                    bssCOMMON    007D
_flag2                   bssBANK0     002E
_get_val                 text1        0511
_get_value               bssBANK0     002F
_main                    maintext     06D1
_u16distance             bssBANK0     002A
_u16time                 bssBANK0     002C
btemp                    (abs)        007E
car@mode                 cstackCOMMON 0074
clear_ram0               clrtext      0477
control_car@character    cstackCOMMON 0078
end_of_initialization    cinit        07FC
intlevel0                functab      0000
intlevel1                functab      0000
intlevel2                functab      0000
intlevel3                functab      0000
intlevel4                functab      0000
intlevel5                functab      0000
main@temp                cstackCOMMON 007C
reset_vec                reset_vec    0000
start                    init         0000
start_initialization     cinit        07F2
wtemp0                   (abs)        007E


MODULE INFORMATION

Module		Function		Class		Link	Load	Size
newmain.c
		_car           		CODE           	0604	0000	205
		_Config        		CODE           	047F	0000	12
		_main          		CODE           	06D1	0000	289
		_control_car   		CODE           	058D	0000	119
		_PWM1_Init     		CODE           	0499	0000	15
		_get_val       		CODE           	0511	0000	56
		_UART_get_char 		CODE           	048B	0000	14
		_PWM2_Init     		CODE           	04A8	0000	15
		_PWM1_Set_Duty 		CODE           	04CF	0000	33
		_Initialize_UART		CODE           	04B7	0000	24
		_PWM2_Set_Duty 		CODE           	04F0	0000	33

newmain.c estimated size: 815

C:\Program Files\Microchip\xc8\v2.36\pic\sources\c90\common\lwdiv.c
		___lwdiv       		CODE           	0549	0000	68

C:\Program Files\Microchip\xc8\v2.36\pic\sources\c90\common\lwdiv.c estimated size: 68

shared
		__initialization		CODE           	07F2	0000	10

shared estimated size: 10

